{"level":"info","time":"2026-08-25T16:11:47Z","message":"Thank you for trying Cloudflare Tunnel. Doing so, without a Cloudflare account, is a quick way to experiment and try it out. However, be aware that these account-less Tunnels have no uptime guarantee, are subject to the Cloudflare Online Services Terms of Use (https://www.cloudflare.com/website-terms/), and Cloudflare reserves the right to investigate your use of Tunnels for violations of such terms. If you intend to use Tunnels in production you should use a pre-created named tunnel by following: https://developers.cloudflare.com/cloudflare-one/connections/connect-apps"}
{"level":"info","time":"2026-08-25T16:11:47Z","message":"Requesting new quick Tunnel on trycloudflare.com..."}
{"level":"info","time":"2026-08-25T16:11:56Z","message":"+--------------------------------------------------------------------------------------------+"}
{"level":"info","time":"2026-08-25T16:11:56Z","message":"|  Your quick Tunnel has been created! Visit it at (it may take some time to be reachable):  |"}
{"level":"info","time":"2026-08-25T16:11:56Z","message":"|  https://nursing-shop-merit-ana.trycloudflare.com                                          |"}
{"level":"info","time":"2026-08-25T16:11:56Z","message":"+--------------------------------------------------------------------------------------------+"}
{"level":"info","time":"2026-08-25T16:11:56Z","message":"Cannot determine default configuration path. No file [config.yml config.yaml] in [~/.cloudflared ~/.cloudflare-warp ~/cloudflare-warp]"}
{"level":"info","time":"2026-08-25T16:11:56Z","message":"Version 2026.7.3 (Checksum 8635da433b6df8194746e88ed9d2589566c20e38bfc2a80e431a348b7c765841)"}
{"level":"info","time":"2026-08-25T16:11:56Z","message":"GOOS: windows, GOVersion: go1.26.4, GoArch: amd64"}
{"level":"info","time":"2026-08-25T16:11:56Z","message":"Settings: map[ha-connections:1 logfile:.\\cloudflared.log loglevel:info protocol:quic url:http://127.0.0.1:5000]"}
{"level":"info","time":"2026-08-25T16:11:56Z","message":"cloudflared will not automatically update on Windows systems."}
{"level":"info","time":"2026-08-25T16:11:56Z","message":"Generated Connector ID: 86d86ff5-7d93-4925-9a36-3598197b23ea"}
{"level":"info","time":"2026-08-25T16:11:56Z","message":"Initial protocol quic"}
{"level":"info","time":"2026-08-25T16:11:56Z","message":"ICMP proxy will use 192.168.178.29 as source for IPv4"}
{"level":"info","time":"2026-08-25T16:11:56Z","message":"ICMP proxy will use 2003:cc:b710:4e00:3db9:e4e1:fe07:7e2d in zone WLAN as source for IPv6"}
{"level":"info","time":"2026-08-25T16:11:56Z","message":"cloudflared does not support loading the system root certificate pool on Windows. Please use --origin-ca-pool <PATH> to specify the path to the certificate pool"}
{"level":"info","time":"2026-08-25T16:11:56Z","message":"ICMP proxy will use 192.168.178.29 as source for IPv4"}
{"level":"info","event":0,"ip":"2606:4700:a0::4","connIndex":0,"time":"2026-08-25T16:11:56Z","message":"Tunnel connection curve preferences: [X25519MLKEM768 CurveID(65074) CurveP256]"}
{"level":"info","time":"2026-08-25T16:11:56Z","message":"ICMP proxy will use 2003:cc:b710:4e00:3db9:e4e1:fe07:7e2d in zone WLAN as source for IPv6"}
{"level":"info","time":"2026-08-25T16:11:56Z","message":"Starting metrics server on 127.0.0.1:20241/metrics"}
{"level":"info","time":"2026-08-25T16:11:56Z","message":"+-------------------------------------------------------------------------------------+"}
{"level":"info","time":"2026-08-25T16:11:56Z","message":"|                               CONNECTIVITY PRE-CHECKS                               |"}
{"level":"info","time":"2026-08-25T16:11:56Z","message":"+-------------------------------------------------------------------------------------+"}
{"level":"info","time":"2026-08-25T16:11:56Z","message":"|  COMPONENT         TARGET                     STATUS  DETAILS                       |"}
{"level":"info","time":"2026-08-25T16:11:56Z","message":"|  DNS Resolution    region1.v2.argotunnel.com  PASS    DNS Resolved successfully     |"}
{"level":"info","time":"2026-08-25T16:11:56Z","message":"|  DNS Resolution    region2.v2.argotunnel.com  PASS    DNS Resolved successfully     |"}
{"level":"info","time":"2026-08-25T16:11:56Z","message":"|  UDP Connectivity  region1.v2.argotunnel.com  PASS    QUIC connection successful    |"}
{"level":"info","time":"2026-08-25T16:11:56Z","message":"|  UDP Connectivity  region2.v2.argotunnel.com  PASS    QUIC connection successful    |"}
{"level":"info","time":"2026-08-25T16:11:56Z","message":"|  TCP Connectivity  region1.v2.argotunnel.com  PASS    HTTP/2 connection successful  |"}
{"level":"info","time":"2026-08-25T16:11:56Z","message":"|  TCP Connectivity  region2.v2.argotunnel.com  PASS    HTTP/2 connection successful  |"}
{"level":"info","time":"2026-08-25T16:11:56Z","message":"|  Cloudflare API    api.cloudflare.com:443     PASS    API is reachable              |"}
{"level":"info","time":"2026-08-25T16:11:56Z","message":"|                                                                                     |"}
{"level":"info","time":"2026-08-25T16:11:56Z","message":"|  SUMMARY: Environment is healthy. cloudflared will use 'quic' as primary protocol.  |"}
{"level":"info","time":"2026-08-25T16:11:56Z","message":"+-------------------------------------------------------------------------------------+"}
{"level":"info","run_id":"f800a1d0-cf13-4ea4-8f72-a5eb08898c2a","component":"DNS Resolution","target":"region1.v2.argotunnel.com","status":"pass","details":"DNS Resolved successfully","time":"2026-08-25T16:11:56Z","message":"precheck"}
{"level":"info","run_id":"f800a1d0-cf13-4ea4-8f72-a5eb08898c2a","component":"DNS Resolution","target":"region2.v2.argotunnel.com","status":"pass","details":"DNS Resolved successfully","time":"2026-08-25T16:11:56Z","message":"precheck"}
{"level":"info","run_id":"f800a1d0-cf13-4ea4-8f72-a5eb08898c2a","component":"UDP Connectivity","target":"region1.v2.argotunnel.com","status":"pass","details":"QUIC connection successful","time":"2026-08-25T16:11:56Z","message":"precheck"}
{"level":"info","run_id":"f800a1d0-cf13-4ea4-8f72-a5eb08898c2a","component":"UDP Connectivity","target":"region2.v2.argotunnel.com","status":"pass","details":"QUIC connection successful","time":"2026-08-25T16:11:56Z","message":"precheck"}
{"level":"info","run_id":"f800a1d0-cf13-4ea4-8f72-a5eb08898c2a","component":"TCP Connectivity","target":"region1.v2.argotunnel.com","status":"pass","details":"HTTP/2 connection successful","time":"2026-08-25T16:11:56Z","message":"precheck"}
{"level":"info","run_id":"f800a1d0-cf13-4ea4-8f72-a5eb08898c2a","component":"TCP Connectivity","target":"region2.v2.argotunnel.com","status":"pass","details":"HTTP/2 connection successful","time":"2026-08-25T16:11:56Z","message":"precheck"}
{"level":"info","run_id":"f800a1d0-cf13-4ea4-8f72-a5eb08898c2a","component":"Cloudflare API","target":"api.cloudflare.com:443","status":"pass","details":"API is reachable","time":"2026-08-25T16:11:56Z","message":"precheck"}
{"level":"info","run_id":"f800a1d0-cf13-4ea4-8f72-a5eb08898c2a","hard_fail":false,"suggested_protocol":"quic","time":"2026-08-25T16:11:56Z","message":"precheck complete"}
{"level":"info","event":0,"connection":"42d63660-f7ac-4935-83d4-565bcc9377b8","connIndex":0,"location":"dus01","ip":"2606:4700:a0::4","protocol":"quic","time":"2026-08-25T16:11:56Z","message":"Registered tunnel connection"}
