{"level":"info","time":"2026-08-05T09:33:49Z","message":"Thank you for trying Cloudflare Tunnel. Doing so, without a Cloudflare account, is a quick way to experiment and try it out. However, be aware that these account-less Tunnels have no uptime guarantee, are subject to the Cloudflare Online Services Terms of Use (https://www.cloudflare.com/website-terms/), and Cloudflare reserves the right to investigate your use of Tunnels for violations of such terms. If you intend to use Tunnels in production you should use a pre-created named tunnel by following: https://developers.cloudflare.com/cloudflare-one/connections/connect-apps"}
{"level":"info","time":"2026-08-05T09:33:49Z","message":"Requesting new quick Tunnel on trycloudflare.com..."}
{"level":"info","time":"2026-08-05T09:34:01Z","message":"+--------------------------------------------------------------------------------------------+"}
{"level":"info","time":"2026-08-05T09:34:01Z","message":"|  Your quick Tunnel has been created! Visit it at (it may take some time to be reachable):  |"}
{"level":"info","time":"2026-08-05T09:34:01Z","message":"|  https://november-increases-grams-aruba.trycloudflare.com                                  |"}
{"level":"info","time":"2026-08-05T09:34:01Z","message":"+--------------------------------------------------------------------------------------------+"}
{"level":"info","time":"2026-08-05T09:34:01Z","message":"Cannot determine default configuration path. No file [config.yml config.yaml] in [~/.cloudflared ~/.cloudflare-warp ~/cloudflare-warp]"}
{"level":"info","time":"2026-08-05T09:34:01Z","message":"Version 2026.7.3 (Checksum 8635da433b6df8194746e88ed9d2589566c20e38bfc2a80e431a348b7c765841)"}
{"level":"info","time":"2026-08-05T09:34:01Z","message":"GOOS: windows, GOVersion: go1.26.4, GoArch: amd64"}
{"level":"info","time":"2026-08-05T09:34:01Z","message":"Settings: map[ha-connections:1 logfile:.\\cloudflared.log loglevel:info protocol:quic url:http://127.0.0.1:5000]"}
{"level":"info","time":"2026-08-05T09:34:01Z","message":"cloudflared will not automatically update on Windows systems."}
{"level":"info","time":"2026-08-05T09:34:01Z","message":"Generated Connector ID: 84de6113-bc70-4203-b709-3e39b65c9294"}
{"level":"info","time":"2026-08-05T09:34:01Z","message":"Initial protocol quic"}
{"level":"info","time":"2026-08-05T09:34:01Z","message":"ICMP proxy will use 10.3.2.242 as source for IPv4"}
{"level":"info","time":"2026-08-05T09:34:01Z","message":"ICMP proxy will use fe80::2552:310f:3d14:88ad in zone Ethernet 2 as source for IPv6"}
{"level":"info","time":"2026-08-05T09:34:01Z","message":"cloudflared does not support loading the system root certificate pool on Windows. Please use --origin-ca-pool <PATH> to specify the path to the certificate pool"}
{"level":"info","time":"2026-08-05T09:34:01Z","message":"ICMP proxy will use 10.3.2.242 as source for IPv4"}
{"level":"info","event":0,"ip":"198.41.192.77","connIndex":0,"time":"2026-08-05T09:34:01Z","message":"Tunnel connection curve preferences: [X25519MLKEM768 CurveID(65074) CurveP256]"}
{"level":"info","time":"2026-08-05T09:34:01Z","message":"ICMP proxy will use fe80::2552:310f:3d14:88ad in zone Ethernet 2 as source for IPv6"}
{"level":"info","time":"2026-08-05T09:34:01Z","message":"Starting metrics server on 127.0.0.1:20241/metrics"}
{"level":"info","time":"2026-08-05T09:34:01Z","message":"+-------------------------------------------------------------------------------------+"}
{"level":"info","time":"2026-08-05T09:34:01Z","message":"|                               CONNECTIVITY PRE-CHECKS                               |"}
{"level":"info","time":"2026-08-05T09:34:01Z","message":"+-------------------------------------------------------------------------------------+"}
{"level":"info","time":"2026-08-05T09:34:01Z","message":"|  COMPONENT         TARGET                     STATUS  DETAILS                       |"}
{"level":"info","time":"2026-08-05T09:34:01Z","message":"|  DNS Resolution    region1.v2.argotunnel.com  PASS    DNS Resolved successfully     |"}
{"level":"info","time":"2026-08-05T09:34:01Z","message":"|  DNS Resolution    region2.v2.argotunnel.com  PASS    DNS Resolved successfully     |"}
{"level":"info","time":"2026-08-05T09:34:01Z","message":"|  UDP Connectivity  region1.v2.argotunnel.com  PASS    QUIC connection successful    |"}
{"level":"info","time":"2026-08-05T09:34:01Z","message":"|  UDP Connectivity  region2.v2.argotunnel.com  PASS    QUIC connection successful    |"}
{"level":"info","time":"2026-08-05T09:34:01Z","message":"|  TCP Connectivity  region1.v2.argotunnel.com  PASS    HTTP/2 connection successful  |"}
{"level":"info","time":"2026-08-05T09:34:01Z","message":"|  TCP Connectivity  region2.v2.argotunnel.com  PASS    HTTP/2 connection successful  |"}
{"level":"info","time":"2026-08-05T09:34:01Z","message":"|  Cloudflare API    api.cloudflare.com:443     PASS    API is reachable              |"}
{"level":"info","time":"2026-08-05T09:34:01Z","message":"|                                                                                     |"}
{"level":"info","time":"2026-08-05T09:34:01Z","message":"|  SUMMARY: Environment is healthy. cloudflared will use 'quic' as primary protocol.  |"}
{"level":"info","time":"2026-08-05T09:34:01Z","message":"+-------------------------------------------------------------------------------------+"}
{"level":"info","run_id":"6626cc0d-a206-448b-867c-d5593ddf2ca5","component":"DNS Resolution","target":"region1.v2.argotunnel.com","status":"pass","details":"DNS Resolved successfully","time":"2026-08-05T09:34:01Z","message":"precheck"}
{"level":"info","run_id":"6626cc0d-a206-448b-867c-d5593ddf2ca5","component":"DNS Resolution","target":"region2.v2.argotunnel.com","status":"pass","details":"DNS Resolved successfully","time":"2026-08-05T09:34:01Z","message":"precheck"}
{"level":"info","run_id":"6626cc0d-a206-448b-867c-d5593ddf2ca5","component":"UDP Connectivity","target":"region1.v2.argotunnel.com","status":"pass","details":"QUIC connection successful","time":"2026-08-05T09:34:01Z","message":"precheck"}
{"level":"info","run_id":"6626cc0d-a206-448b-867c-d5593ddf2ca5","component":"UDP Connectivity","target":"region2.v2.argotunnel.com","status":"pass","details":"QUIC connection successful","time":"2026-08-05T09:34:01Z","message":"precheck"}
{"level":"info","run_id":"6626cc0d-a206-448b-867c-d5593ddf2ca5","component":"TCP Connectivity","target":"region1.v2.argotunnel.com","status":"pass","details":"HTTP/2 connection successful","time":"2026-08-05T09:34:01Z","message":"precheck"}
{"level":"info","run_id":"6626cc0d-a206-448b-867c-d5593ddf2ca5","component":"TCP Connectivity","target":"region2.v2.argotunnel.com","status":"pass","details":"HTTP/2 connection successful","time":"2026-08-05T09:34:01Z","message":"precheck"}
{"level":"info","run_id":"6626cc0d-a206-448b-867c-d5593ddf2ca5","component":"Cloudflare API","target":"api.cloudflare.com:443","status":"pass","details":"API is reachable","time":"2026-08-05T09:34:01Z","message":"precheck"}
{"level":"info","run_id":"6626cc0d-a206-448b-867c-d5593ddf2ca5","hard_fail":false,"suggested_protocol":"quic","time":"2026-08-05T09:34:01Z","message":"precheck complete"}
{"level":"info","event":0,"connection":"d8ed2d4c-af7a-4285-b56f-f44b3b9ec3d3","connIndex":0,"location":"txl01","ip":"198.41.192.77","protocol":"quic","time":"2026-08-05T09:34:01Z","message":"Registered tunnel connection"}
